PROG
  EVAL
    U_MINUS
      NUM(4)
  EVAL
    U_PLUS
      NUM(2)
  EVAL
    U_PLUS
      U_MINUS
        NUM(4)
  EVAL
    U_MINUS
      U_MINUS
        NUM(2)
  EVAL
    U_PLUS
      U_PLUS
        U_MINUS
          U_MINUS
            NUM(56)
  EVAL
    ADD
      NUM(2)
      NUM(2)
  EVAL
    SUB
      ADD
        SUB
          ADD
            NUM(2)
            NUM(2)
          NUM(4)
        NUM(5)
      NUM(4)
  EVAL
    ADD
      ADD
        MUL
          NUM(2)
          NUM(2)
        MUL
          NUM(4)
          NUM(4)
      MUL
        NUM(5)
        NUM(5)
  EVAL
    DIV
      NUM(5)
      ADD
        NUM(3)
        NUM(2)
  EVAL
    ADD
      DIV
        NUM(5)
        NUM(3)
      NUM(2)
  EVAL
    MOD
      DIV
        NUM(2)
        NUM(3)
      NUM(4)
  EVAL
    DIV
      NUM(2)
      MOD
        NUM(3)
        NUM(4)
  EVAL
    CAST
      IDENT(int)
      NUM(5.4)
  EVAL
    CAST
      IDENT(float)
      NUM(5)
  EVAL
    CAST
      IDENT(float)
      CAST
        IDENT(int)
        NUM(3.3)
