PROG
  NOP
  IF
    IF_COND
      NUM(1)
    IF_IF
      BLOCK
        EVAL
          PROC_CALL
            IDENT(foo)
    IF_ELSE
      BLOCK
        EVAL
          PROC_CALL
            IDENT(bar)
  IF
    IF_COND
      EQUAL
        CAST
          IDENT(int)
          IDENT(x)
        NUM(5)
    IF_IF
      EVAL
        PROC_CALL
          IDENT(foo)
    IF_ELSE
      IF
        IF_COND
          NUM(0)
        IF_IF
          EVAL
            PROC_CALL
              IDENT(bar)
        IF_ELSE
          EVAL
            PROC_CALL
              IDENT(baz)
  IF
    IF_COND
      NUM(0)
    IF_IF
      EVAL
        PROC_CALL
          IDENT(foo)
    IF_ELSE
      EVAL
        PROC_CALL
          IDENT(bar)
